Microsoft Windows [Version 6.2.9200]
(c) 2012 Microsoft Corporation. All rights reserved.

C:\Users\filippo>clj
Clojure 1.5.0-RC4
user=> (-> 3 (- 1))
2
user=> (-> 3 dec)
2
user=> (-> 3 dec2)
CompilerException java.lang.RuntimeException: Unable to resolve symbol: dec2 in this context, compiling:(NO_SOURCE_PATH:
3:1)
user=> (-> 3 2dec)
NumberFormatException Invalid number: 2dec  clojure.lang.LispReader.readNumber (LispReader.java:255)
RuntimeException Unmatched delimiter: )  clojure.lang.Util.runtimeException (Util.java:219)
user=> (-> 3 dec dec)
1
user=> (defn mod-pow [base i n]
5         (.intValue (.modPow (BigInteger/valueOf base)
6                             (BigInteger/valueOf i)
(defn mod-pow [base i n]

Terminate batch job (Y/N)? y

C:\Users\filippo>y
'y' is not recognized as an internal or external command,
operable program or batch file.

C:\Users\filippo>clj
Clojure 1.5.0-RC4
user=> (defn mod-pow [base i n]
  (.intValue (.modPow (BigInteger/valueOf base)
                      (BigInteger/valueOf i)
                      (BigInteger/valueOf n))))
#'user/mod-pow
user=> (defn generate-station
  [n i]
 [(mod-pow 2 i n)
  (mod-pow 3 i n)])
#'user/generate-station
user=> (generate-station 12)
ArityException Wrong number of args (1) passed to: user$generate-station  clojure.lang.AFn.throwArity (AFn.java:437)
user=> (generate-station 12 12)
[4 9]
user=> (defn generate-stations
[n]
(set
(map (partial generate-station n)
(range 0 (inc (* 2 n))))))
#'user/generate-stations
user=> ^L
user=> (generate-stations 1)
#{[0 0]}
user=> (generate-stations 2)
#{[1 1] [0 1]}
user=> (generate-stations 3)
#{[1 0] [1 1] [2 0]}
user=> (generate-stations 4)
#{[1 1] [2 3] [0 1] [0 3]}
user=> (generate-stations 5)
#{[3 2] [4 4] [1 1] [2 3]}
user=> (generate-stations 6)
#{[4 3] [1 1] [2 3]}
user=> (sort (generate-stations 6))
([1 1] [2 3] [4 3])
user=> (sort (generate-stations 7))
([1 1] [1 6] [2 3] [2 4] [4 2] [4 5])
user=> (sort (set (generate-stations 7)))
([1 1] [1 6] [2 3] [2 4] [4 2] [4 5])
user=> (sort (generate-stations 22))
([1 1] [2 3] [4 9] [6 15] [8 5] [10 1] [12 1] [14 5] [16 15] [18 9] [20 3])
user=> (sort (set (generate-stations 22)))
([1 1] [2 3] [4 9] [6 15] [8 5] [10 1] [12 1] [14 5] [16 15] [18 9] [20 3])
user=> (sort (generate-stations 22))
([1 1] [2 3] [4 9] [6 15] [8 5] [10 1] [12 1] [14 5] [16 15] [18 9] [20 3])
user=> (generate-stations 22)
#{[16 15] [1 1] [2 3] [4 9] [6 15] [20 3] [12 1] [10 1] [14 5] [18 9] [8 5]}
user=> (sort (generate-stations 22))
([1 1] [2 3] [4 9] [6 15] [8 5] [10 1] [12 1] [14 5] [16 15] [18 9] [20 3])
user=> (count (sort (generate-stations 22)))
11
user=> (count (sort (generate-stations 100100)))
62
user=> (count (sort (generate-stations 10*10)))
NumberFormatException Invalid number: 10*10  clojure.lang.LispReader.readNumber (LispReader.java:255)
RuntimeException Unmatched delimiter: )  clojure.lang.Util.runtimeException (Util.java:219)
RuntimeException Unmatched delimiter: )  clojure.lang.Util.runtimeException (Util.java:219)
RuntimeException Unmatched delimiter: )  clojure.lang.Util.runtimeException (Util.java:219)
user=> (count (sort (generate-stations 100000)))
5005
user=> (sort (generate-stations 100000))
([1 1] [2 3] [4 9] [8 27] [16 81] [32 243] [32 50243] [64 729] [64 50729] [96 43441] [96 93441] [128 2187] [128 52187] [
192 30323] [192 80323] [224 23449] [224 73449] [256 6561] [256 56561] [288 49467] [288 99467] [352 16803] [352 66803] [3
84 40969] [384 90969] [416 4881] [416 54881] [448 20347] [448 70347] [512 19683] [512 69683] [544 13289] [544 63289] [57
6 48401] [576 98401] [608 24827] [608 74827] [672 48963] [672 98963] [704 409] [704 50409] [736 47121] [736 97121] [768
22907] [768 72907] [832 14643] [832 64643] [864 12329] [864 62329] [896 11041] [896 61041] [928 24587] [928 74587] [992
26723] [992 76723] [1024 9049] [1024 59049] [1056 161] [1056 50161] [1088 39867] [1088 89867] [1152 45203] [1152 95203]
[1184 569] [1184 50569] [1216 24481] [1216 74481] [1248 28747] [1248 78747] [1312 30083] [1312 80083] [1344 46889] [1344
 96889] [1376 44001] [1376 94001] [1408 1227] [1408 51227] [1472 41363] [1472 91363] [1504 8009] [1504 58009] [1536 1872
1] [1536 68721] [1568 17307] [1568 67307] [1632 39043] [1632 89043] [1664 43929] [1664 93929] [1696 8641] [1696 58641] [
1728 36987] [1728 86987] [1792 33123] [1792 83123] [1824 14649] [1824 64649] [1856 23761] [1856 73761] [1888 20267] [188
8 70267] [1952 33603] [1952 83603] [1984 30169] [1984 80169] [2016 24081] [2016 74081] [2048 27147] [2048 77147] [2112 4
83] [2112 50483] [2144 489] [2144 50489] [2176 19601] [2176 69601] [2208 17627] [2208 67627] [2272 43763] [2272 93763] [
2304 35609] [2304 85609] [2336 20321] [2336 70321] [2368 1707] [2368 51707] [2432 23443] [2432 73443] [2464 45529] [2464
 95529] [2496 36241] [2496 86241] [2528 39387] [2528 89387] [2592 49523] [2592 99523] [2624 40249] [2624 90249] [2656 27
361] [2656 77361] [2688 40667] [2688 90667] [2752 32003] [2752 82003] [2784 29769] [2784 79769] [2816 3681] [2816 53681]
 [2848 15547] [2848 65547] [2912 30883] [2912 80883] [2944 24089] [2944 74089] [2976 25201] [2976 75201] [3008 24027] [3
008 74027] [3072 6163] [3072 56163] [3104 33209] [3104 83209] [3136 1921] [3136 51921] [3168 26107] [3168 76107] [3232 1
7843] [3232 67843] [3264 17129] [3264 67129] [3296 43841] [3296 93841] [3328 31787] [3328 81787] [3392 25923] [3392 7592
3] [3424 35849] [3424 85849] [3456 10961] [3456 60961] [3488 1067] [3488 51067] [3552 40403] [3552 90403] [3584 49369] [
3584 99369] [3616 13281] [3616 63281] [3648 43947] [3648 93947] [3712 21283] [3712 71283] [3744 17689] [3744 67689] [377
6 10801] [3776 60801] [3808 20427] [3808 70427] [3872 28563] [3872 78563] [3904 809] [3904 50809] [3936 13521] [3936 635
21] [3968 40507] [3968 90507] [4032 22243] [4032 72243] [4064 8729] [4064 58729] [4096 31441] [4096 81441] [4128 14187]
[4128 64187] [4192 12323] [4192 62323] [4224 1449] [4224 51449] [4256 24561] [4256 74561] [4288 1467] [4288 51467] [4352
 8803] [4352 58803] [4384 38969] [4384 88969] [4416 2881] [4416 52881] [4448 12347] [4448 62347] [4512 21683] [4512 7168
3] [4544 31289] [4544 81289] [4576 26401] [4576 76401] [4608 6827] [4608 56827] [4672 10963] [4672 60963] [4704 38409] [
4704 88409] [4736 5121] [4736 55121] [4768 44907] [4768 94907] [4832 36643] [4832 86643] [4864 20329] [4864 70329] [4896
 49041] [4896 99041] [4928 36587] [4928 86587] [4992 8723] [4992 58723] [5024 37049] [5024 87049] [5056 18161] [5056 681
61] [5088 41867] [5088 91867] [5152 37203] [5152 87203] [5184 48569] [5184 98569] [5216 22481] [5216 72481] [5248 20747]
 [5248 70747] [5312 32083] [5312 82083] [5344 14889] [5344 64889] [5376 22001] [5376 72001] [5408 33227] [5408 83227] [5
472 3363] [5472 53363] [5504 46009] [5504 96009] [5536 26721] [5536 76721] [5568 39307] [5568 89307] [5632 11043] [5632
61043] [5664 1929] [5664 51929] [5696 46641] [5696 96641] [5728 48987] [5728 98987] [5792 15123] [5792 65123] [5824 4264
9] [5824 92649] [5856 41761] [5856 91761] [5888 22267] [5888 72267] [5952 25603] [5952 75603] [5984 28169] [5984 78169]
[6016 22081] [6016 72081] [6048 19147] [6048 69147] [6112 2483] [6112 52483] [6144 18489] [6144 68489] [6176 47601] [617
6 97601] [6208 49627] [6208 99627] [6272 5763] [6272 55763] [6304 23609] [6304 73609] [6336 28321] [6336 78321] [6368 23
707] [6368 73707] [6432 45443] [6432 95443] [6464 3529] [6464 53529] [6496 24241] [6496 74241] [6528 1387] [6528 51387]
[6592 31523] [6592 81523] [6624 18249] [6624 68249] [6656 45361] [6656 95361] [6688 42667] [6688 92667] [6752 24003] [67
52 74003] [6784 27769] [6784 77769] [6816 1681] [6816 51681] [6848 7547] [6848 57547] [6912 32883] [6912 82883] [6944 42
089] [6944 92089] [6976 3201] [6976 53201] [7008 6027] [7008 56027] [7072 18163] [7072 68163] [7104 21209] [7104 71209]
[7136 9921] [7136 59921] [7168 48107] [7168 98107] [7232 39843] [7232 89843] [7264 25129] [7264 75129] [7296 31841] [729
6 81841] [7328 43787] [7328 93787] [7392 7923] [7392 57923] [7424 13849] [7424 63849] [7456 28961] [7456 78961] [7488 30
67] [7488 53067] [7552 32403] [7552 82403] [7584 47369] [7584 97369] [7616 11281] [7616 61281] [7648 35947] [7648 85947]
 [7712 23283] [7712 73283] [7744 35689] [7744 85689] [7776 38801] [7776 88801] [7808 2427] [7808 52427] [7872 40563] [78
72 90563] [7904 38809] [7904 88809] [7936 21521] [7936 71521] [7968 12507] [7968 62507] [8032 44243] [8032 94243] [8064
16729] [8064 66729] [8096 19441] [8096 69441] [8128 26187] [8128 76187] [8192 44323] [8192 94323] [8224 29449] [8224 794
49] [8256 42561] [8256 92561] [8288 3467] [8288 53467] [8352 803] [8352 50803] [8384 36969] [8384 86969] [8416 881] [841
6 50881] [8448 4347] [8448 54347] [8512 23683] [8512 73683] [8544 49289] [8544 99289] [8576 4401] [8576 54401] [8608 388
27] [8608 88827] [8672 22963] [8672 72963] [8704 26409] [8704 76409] [8736 13121] [8736 63121] [8768 16907] [8768 66907]
 [8832 8643] [8832 58643] [8864 28329] [8864 78329] [8896 37041] [8896 87041] [8928 48587] [8928 98587] [8992 40723] [89
92 90723] [9024 15049] [9024 65049] [9056 36161] [9056 86161] [9088 43867] [9088 93867] [9152 29203] [9152 79203] [9184
46569] [9184 96569] [9216 20481] [9216 70481] [9248 12747] [9248 62747] [9312 34083] [9312 84083] [9344 32889] [9344 828
89] [9376 1] [9376 50001] [9408 15227] [9408 65227] [9472 15363] [9472 65363] [9504 34009] [9504 84009] [9536 34721] [95
36 84721] [9568 11307] [9568 61307] [9632 33043] [9632 83043] [9664 9929] [9664 59929] [9696 34641] [9696 84641] [9728 1
0987] [9728 60987] [9792 47123] [9792 97123] [9824 20649] [9824 70649] [9856 9761] [9856 59761] [9888 24267] [9888 74267
] [9952 17603] [9952 67603] [9984 26169] [9984 76169] [10016 20081] [10016 70081] [10048 11147] [10048 61147] [10112 448
3] [10112 54483] [10144 36489] [10144 86489] [10176 25601] [10176 75601] [10208 31627] [10208 81627] [10272 17763] [1027
2 67763] [10304 11609] [10304 61609] [10336 36321] [10336 86321] [10368 45707] [10368 95707] [10432 17443] [10432 67443]
 [10464 11529] [10464 61529] [10496 12241] [10496 62241] [10528 13387] [10528 63387] [10592 13523] [10592 63523] [10624
46249] [10624 96249] [10656 13361] [10656 63361] [10688 44667] [10688 94667] [10752 16003] [10752 66003] [10784 25769] [
10784 75769] [10816 49681] [10816 99681] [10848 49547] [10848 99547] [10912 34883] [10912 84883] [10944 10089] [10944 60
089] [10976 31201] [10976 81201] [11008 38027] [11008 88027] [11072 30163] [11072 80163] [11104 9209] [11104 59209] [111
36 17921] [11136 67921] [11168 20107] [11168 70107] [11232 11843] [11232 61843] [11264 33129] [11264 83129] [11296 19841
] [11296 69841] [11328 5787] [11328 55787] [11392 39923] [11392 89923] [11424 41849] [11424 91849] [11456 46961] [11456
96961] [11488 5067] [11488 55067] [11552 24403] [11552 74403] [11584 45369] [11584 95369] [11616 9281] [11616 59281] [11
648 27947] [11648 77947] [11712 25283] [11712 75283] [11744 3689] [11744 53689] [11776 16801] [11776 66801] [11808 34427
] [11808 84427] [11872 2563] [11872 52563] [11904 26809] [11904 76809] [11936 29521] [11936 79521] [11968 34507] [11968
84507] [12032 16243] [12032 66243] [12064 24729] [12064 74729] [12096 7441] [12096 57441] [12128 38187] [12128 88187] [1
2192 26323] [12192 76323] [12224 7449] [12224 57449] [12256 10561] [12256 60561] [12288 5467] [12288 55467] [12352 42803
] [12352 92803] [12384 34969] [12384 84969] [12416 48881] [12416 98881] [12448 46347] [12448 96347] [12512 25683] [12512
 75683] [12544 17289] [12544 67289] [12576 32401] [12576 82401] [12608 20827] [12608 70827] [12672 34963] [12672 84963]
[12704 14409] [12704 64409] [12736 21121] [12736 71121] [12768 38907] [12768 88907] [12832 30643] [12832 80643] [12864 3
6329] [12864 86329] [12896 25041] [12896 75041] [12928 10587] [12928 60587] [12992 22723] [12992 72723] [13024 43049] [1
3024 93049] [13056 4161] [13056 54161] [13088 45867] [13088 95867] [13152 21203] [13152 71203] [13184 44569] [13184 9456
9] [13216 18481] [13216 68481] [13248 4747] [13248 54747] [13312 36083] [13312 86083] [13344 889] [13344 50889] [13376 2
8001] [13376 78001] [13408 47227] [13408 97227] [13472 27363] [13472 77363] [13504 22009] [13504 72009] [13536 42721] [1
3536 92721] [13568 33307] [13568 83307] [13632 5043] [13632 55043] [13664 17929] [13664 67929] [13696 22641] [13696 7264
1] [13728 22987] [13728 72987] [13792 29123] [13792 79123] [13824 48649] [13824 98649] [13856 27761] [13856 77761] [1388
8 26267] [13888 76267] [13952 9603] [13952 59603] [13984 24169] [13984 74169] [14016 18081] [14016 68081] [14048 3147] [
14048 53147] [14112 6483] [14112 56483] [14144 4489] [14144 54489] [14176 3601] [14176 53601] [14208 13627] [14208 63627
] [14272 29763] [14272 79763] [14304 49609] [14304 99609] [14336 44321] [14336 94321] [14368 17707] [14368 67707] [14432
 39443] [14432 89443] [14464 19529] [14464 69529] [14496 241] [14496 50241] [14528 25387] [14528 75387] [14592 45523] [1
4592 95523] [14624 24249] [14624 74249] [14656 31361] [14656 81361] [14688 46667] [14688 96667] [14752 8003] [14752 5800
3] [14784 23769] [14784 73769] [14816 47681] [14816 97681] [14848 41547] [14848 91547] [14912 36883] [14912 86883] [1494
4 28089] [14944 78089] [14976 9201] [14976 59201] [15008 20027] [15008 70027] [15072 42163] [15072 92163] [15104 47209]
[15104 97209] [15136 25921] [15136 75921] [15168 42107] [15168 92107] [15232 33843] [15232 83843] [15264 41129] [15264 9
1129] [15296 7841] [15296 57841] [15328 17787] [15328 67787] [15392 21923] [15392 71923] [15424 19849] [15424 69849] [15
456 14961] [15456 64961] [15488 7067] [15488 57067] [15552 16403] [15552 66403] [15584 43369] [15584 93369] [15616 7281]
 [15616 57281] [15648 19947] [15648 69947] [15712 27283] [15712 77283] [15744 21689] [15744 71689] [15776 44801] [15776
94801] [15808 16427] [15808 66427] [15872 14563] [15872 64563] [15904 14809] [15904 64809] [15936 37521] [15936 87521] [
15968 6507] [15968 56507] [16032 38243] [16032 88243] [16064 32729] [16064 82729] [16096 45441] [16096 95441] [16128 187
] [16128 50187] [16192 8323] [16192 58323] [16224 35449] [16224 85449] [16256 28561] [16256 78561] [16288 7467] [16288 5
7467] [16352 34803] [16352 84803] [16384 32969] [16384 82969] [16416 46881] [16416 96881] [16448 38347] [16448 88347] [1
6512 27683] [16512 77683] [16544 35289] [16544 85289] [16576 10401] [16576 60401] [16608 2827] [16608 52827] [16672 4696
3] [16672 96963] [16704 2409] [16704 52409] [16736 29121] [16736 79121] [16768 10907] [16768 60907] [16832 2643] [16832
52643] [16864 44329] [16864 94329] [16896 13041] [16896 63041] [16928 22587] [16928 72587] [16992 4723] [16992 54723] [1
7024 21049] [17024 71049] [17056 22161] [17056 72161] [17088 47867] [17088 97867] [17152 13203] [17152 63203] [17184 425
69] [17184 92569] [17216 16481] [17216 66481] [17248 46747] [17248 96747] [17312 38083] [17312 88083] [17344 18889] [173
44 68889] [17376 6001] [17376 56001] [17408 29227] [17408 79227] [17472 39363] [17472 89363] [17504 10009] [17504 60009]
 [17536 721] [17536 50721] [17568 5307] [17568 55307] [17632 27043] [17632 77043] [17664 25929] [17664 75929] [17696 106
41] [17696 60641] [17728 34987] [17728 84987] [17792 11123] [17792 61123] [17824 26649] [17824 76649] [17856 45761] [178
56 95761] [17888 28267] [17888 78267] [17952 1603] [17952 51603] [17984 22169] [17984 72169] [18016 16081] [18016 66081]
 [18048 45147] [18048 95147] [18112 8483] [18112 58483] [18144 22489] [18144 72489] [18176 31601] [18176 81601] [18208 4
5627] [18208 95627] [18272 41763] [18272 91763] [18304 37609] [18304 87609] [18336 2321] [18336 52321] [18368 39707] [18
368 89707] [18432 11443] [18432 61443] [18464 27529] [18464 77529] [18496 38241] [18496 88241] [18528 37387] [18528 8738
7] [18592 27523] [18592 77523] [18624 2249] [18624 52249] [18656 49361] [18656 99361] [18688 48667] [18688 98667] [18752
 3] [18752 50003] [18784 21769] [18784 71769] [18816 45681] [18816 95681] [18848 33547] [18848 83547] [18912 38883] [189
12 88883] [18944 46089] [18944 96089] [18976 37201] [18976 87201] [19008 2027] [19008 52027] [19072 4163] [19072 54163]
[19104 35209] [19104 85209] [19136 33921] [19136 83921] [19168 14107] [19168 64107] [19232 5843] [19232 55843] [19264 49
129] [19264 99129] [19296 45841] [19296 95841] [19328 29787] [19328 79787] [19392 3923] [19392 53923] [19424 47849] [194
24 97849] [19456 32961] [19456 82961] [19488 9067] [19488 59067] [19552 8403] [19552 58403] [19584 41369] [19584 91369]
[19616 5281] [19616 55281] [19648 11947] [19648 61947] [19712 29283] [19712 79283] [19744 39689] [19744 89689] [19776 22
801] [19776 72801] [19808 48427] [19808 98427] [19872 26563] [19872 76563] [19904 2809] [19904 52809] [19936 45521] [199
36 95521] [19968 28507] [19968 78507] [20032 10243] [20032 60243] [20064 40729] [20064 90729] [20096 33441] [20096 83441
] [20128 12187] [20128 62187] [20192 40323] [20192 90323] [20224 13449] [20224 63449] [20256 46561] [20256 96561] [20288
 9467] [20288 59467] [20352 26803] [20352 76803] [20384 30969] [20384 80969] [20416 44881] [20416 94881] [20448 30347] [
20448 80347] [20512 29683] [20512 79683] [20544 3289] [20544 53289] [20576 38401] [20576 88401] [20608 34827] [20608 848
27] [20672 8963] [20672 58963] [20704 40409] [20704 90409] [20736 37121] [20736 87121] [20768 32907] [20768 82907] [2083
2 24643] [20832 74643] [20864 2329] [20864 52329] [20896 1041] [20896 51041] [20928 34587] [20928 84587] [20992 36723] [
20992 86723] [21024 49049] [21024 99049] [21056 40161] [21056 90161] [21088 49867] [21088 99867] [21152 5203] [21152 552
03] [21184 40569] [21184 90569] [21216 14481] [21216 64481] [21248 38747] [21248 88747] [21312 40083] [21312 90083] [213
44 36889] [21344 86889] [21376 34001] [21376 84001] [21408 11227] [21408 61227] [21472 1363] [21472 51363] [21504 48009]
 [21504 98009] [21536 8721] [21536 58721] [21568 27307] [21568 77307] [21632 49043] [21632 99043] [21664 33929] [21664 8
3929] [21696 48641] [21696 98641] [21728 46987] [21728 96987] [21792 43123] [21792 93123] [21824 4649] [21824 54649] [21
856 13761] [21856 63761] [21888 30267] [21888 80267] [21952 43603] [21952 93603] [21984 20169] [21984 70169] [22016 1408
1] [22016 64081] [22048 37147] [22048 87147] [22112 10483] [22112 60483] [22144 40489] [22144 90489] [22176 9601] [22176
 59601] [22208 27627] [22208 77627] [22272 3763] [22272 53763] [22304 25609] [22304 75609] [22336 10321] [22336 60321] [
22368 11707] [22368 61707] [22432 33443] [22432 83443] [22464 35529] [22464 85529] [22496 26241] [22496 76241] [22528 49
387] [22528 99387] [22592 9523] [22592 59523] [22624 30249] [22624 80249] [22656 17361] [22656 67361] [22688 667] [22688
 50667] [22752 42003] [22752 92003] [22784 19769] [22784 69769] [22816 43681] [22816 93681] [22848 25547] [22848 75547]
[22912 40883] [22912 90883] [22944 14089] [22944 64089] [22976 15201] [22976 65201] [23008 34027] [23008 84027] [23072 1
6163] [23072 66163] [23104 23209] [23104 73209] [23136 41921] [23136 91921] [23168 36107] [23168 86107] [23232 27843] [2
3232 77843] [23264 7129] [23264 57129] [23296 33841] [23296 83841] [23328 41787] [23328 91787] [23392 35923] [23392 8592
3] [23424 25849] [23424 75849] [23456 961] [23456 50961] [23488 11067] [23488 61067] [23552 403] [23552 50403] [23584 39
369] [23584 89369] [23616 3281] [23616 53281] [23648 3947] [23648 53947] [23712 31283] [23712 81283] [23744 7689] [23744
 57689] [23776 801] [23776 50801] [23808 30427] [23808 80427] [23872 38563] [23872 88563] [23904 40809] [23904 90809] [2
3936 3521] [23936 53521] [23968 507] [23968 50507] [24032 32243] [24032 82243] [24064 48729] [24064 98729] [24096 21441]
 [24096 71441] [24128 24187] [24128 74187] [24192 22323] [24192 72323] [24224 41449] [24224 91449] [24256 14561] [24256
64561] [24288 11467] [24288 61467] [24352 18803] [24352 68803] [24384 28969] [24384 78969] [24416 42881] [24416 92881] [
24448 22347] [24448 72347] [24512 31683] [24512 81683] [24544 21289] [24544 71289] [24576 16401] [24576 66401] [24608 16
827] [24608 66827] [24672 20963] [24672 70963] [24704 28409] [24704 78409] [24736 45121] [24736 95121] [24768 4907] [247
68 54907] [24832 46643] [24832 96643] [24864 10329] [24864 60329] [24896 39041] [24896 89041] [24928 46587] [24928 96587
] [24992 18723] [24992 68723] [25024 27049] [25024 77049] [25056 8161] [25056 58161] [25088 1867] [25088 51867] [25152 4
7203] [25152 97203] [25184 38569] [25184 88569] [25216 12481] [25216 62481] [25248 30747] [25248 80747] [25312 42083] [2
5312 92083] [25344 4889] [25344 54889] [25376 12001] [25376 62001] [25408 43227] [25408 93227] [25472 13363] [25472 6336
3] [25504 36009] [25504 86009] [25536 16721] [25536 66721] [25568 49307] [25568 99307] [25632 21043] [25632 71043] [2566
4 41929] [25664 91929] [25696 36641] [25696 86641] [25728 8987] [25728 58987] [25792 25123] [25792 75123] [25824 32649]
[25824 82649] [25856 31761] [25856 81761] [25888 32267] [25888 82267] [25952 35603] [25952 85603] [25984 18169] [25984 6
8169] [26016 12081] [26016 62081] [26048 29147] [26048 79147] [26112 12483] [26112 62483] [26144 8489] [26144 58489] [26
176 37601] [26176 87601] [26208 9627] [26208 59627] [26272 15763] [26272 65763] [26304 13609] [26304 63609] [26336 18321
] [26336 68321] [26368 33707] [26368 83707] [26432 5443] [26432 55443] [26464 43529] [26464 93529] [26496 14241] [26496
64241] [26528 11387] [26528 61387] [26592 41523] [26592 91523] [26624 8249] [26624 58249] [26656 35361] [26656 85361] [2
6688 2667] [26688 52667] [26752 34003] [26752 84003] [26784 17769] [26784 67769] [26816 41681] [26816 91681] [26848 1754
7] [26848 67547] [26912 42883] [26912 92883] [26944 32089] [26944 82089] [26976 43201] [26976 93201] [27008 16027] [2700
8 66027] [27072 28163] [27072 78163] [27104 11209] [27104 61209] [27136 49921] [27136 99921] [27168 8107] [27168 58107]
[27232 49843] [27232 99843] [27264 15129] [27264 65129] [27296 21841] [27296 71841] [27328 3787] [27328 53787] [27392 17
923] [27392 67923] [27424 3849] [27424 53849] [27456 18961] [27456 68961] [27488 13067] [27488 63067] [27552 42403] [275
52 92403] [27584 37369] [27584 87369] [27616 1281] [27616 51281] [27648 45947] [27648 95947] [27712 33283] [27712 83283]
 [27744 25689] [27744 75689] [27776 28801] [27776 78801] [27808 12427] [27808 62427] [27872 563] [27872 50563] [27904 28
809] [27904 78809] [27936 11521] [27936 61521] [27968 22507] [27968 72507] [28032 4243] [28032 54243] [28064 6729] [2806
4 56729] [28096 9441] [28096 59441] [28128 36187] [28128 86187] [28192 4323] [28192 54323] [28224 19449] [28224 69449] [
28256 32561] [28256 82561] [28288 13467] [28288 63467] [28352 10803] [28352 60803] [28384 26969] [28384 76969] [28416 40
881] [28416 90881] [28448 14347] [28448 64347] [28512 33683] [28512 83683] [28544 39289] [28544 89289] [28576 44401] [28
576 94401] [28608 48827] [28608 98827] [28672 32963] [28672 82963] [28704 16409] [28704 66409] [28736 3121] [28736 53121
] [28768 26907] [28768 76907] [28832 18643] [28832 68643] [28864 18329] [28864 68329] [28896 27041] [28896 77041] [28928
 8587] [28928 58587] [28992 723] [28992 50723] [29024 5049] [29024 55049] [29056 26161] [29056 76161] [29088 3867] [2908
8 53867] [29152 39203] [29152 89203] [29184 36569] [29184 86569] [29216 10481] [29216 60481] [29248 22747] [29248 72747]
 [29312 44083] [29312 94083] [29344 22889] [29344 72889] [29376 40001] [29376 90001] [29408 25227] [29408 75227] [29472
25363] [29472 75363] [29504 24009] [29504 74009] [29536 24721] [29536 74721] [29568 21307] [29568 71307] [29632 43043] [
29632 93043] [29664 49929] [29664 99929] [29696 24641] [29696 74641] [29728 20987] [29728 70987] [29792 7123] [29792 571
23] [29824 10649] [29824 60649] [29856 49761] [29856 99761] [29888 34267] [29888 84267] [29952 27603] [29952 77603] [299
84 16169] [29984 66169] [30016 10081] [30016 60081] [30048 21147] [30048 71147] [30112 14483] [30112 64483] [30144 26489
] [30144 76489] [30176 15601] [30176 65601] [30208 41627] [30208 91627] [30272 27763] [30272 77763] [30304 1609] [30304
51609] [30336 26321] [30336 76321] [30368 5707] [30368 55707] [30432 27443] [30432 77443] [30464 1529] [30464 51529] [30
496 2241] [30496 52241] [30528 23387] [30528 73387] [30592 23523] [30592 73523] [30624 36249] [30624 86249] [30656 3361]
 [30656 53361] [30688 4667] [30688 54667] [30752 26003] [30752 76003] [30784 15769] [30784 65769] [30816 39681] [30816 8
9681] [30848 9547] [30848 59547] [30912 44883] [30912 94883] [30944 89] [30944 50089] [30976 21201] [30976 71201] [31008
 48027] [31008 98027] [31072 40163] [31072 90163] [31104 49209] [31104 99209] [31136 7921] [31136 57921] [31168 30107] [
31168 80107] [31232 21843] [31232 71843] [31264 23129] [31264 73129] [31296 9841] [31296 59841] [31328 15787] [31328 657
87] [31392 49923] [31392 99923] [31424 31849] [31424 81849] [31456 36961] [31456 86961] [31488 15067] [31488 65067] [315
52 34403] [31552 84403] [31584 35369] [31584 85369] [31616 49281] [31616 99281] [31648 37947] [31648 87947] [31712 35283
] [31712 85283] [31744 43689] [31744 93689] [31776 6801] [31776 56801] [31808 44427] [31808 94427] [31872 12563] [31872
62563] [31904 16809] [31904 66809] [31936 19521] [31936 69521] [31968 44507] [31968 94507] [32032 26243] [32032 76243] [
32064 14729] [32064 64729] [32096 47441] [32096 97441] [32128 48187] [32128 98187] [32192 36323] [32192 86323] [32224 47
449] [32224 97449] [32256 561] [32256 50561] [32288 15467] [32288 65467] [32352 2803] [32352 52803] [32384 24969] [32384
 74969] [32416 38881] [32416 88881] [32448 6347] [32448 56347] [32512 35683] [32512 85683] [32544 7289] [32544 57289] [3
2576 22401] [32576 72401] [32608 30827] [32608 80827] [32672 44963] [32672 94963] [32704 4409] [32704 54409] [32736 1112
1] [32736 61121] [32768 48907] [32768 98907] [32832 40643] [32832 90643] [32864 26329] [32864 76329] [32896 15041] [3289
6 65041] [32928 20587] [32928 70587] [32992 32723] [32992 82723] [33024 33049] [33024 83049] [33056 44161] [33056 94161]
 [33088 5867] [33088 55867] [33152 31203] [33152 81203] [33184 34569] [33184 84569] [33216 8481] [33216 58481] [33248 14
747] [33248 64747] [33312 46083] [33312 96083] [33344 40889] [33344 90889] [33376 18001] [33376 68001] [33408 7227] [334
08 57227] [33472 37363] [33472 87363] [33504 12009] [33504 62009] [33536 32721] [33536 82721] [33568 43307] [33568 93307
] [33632 15043] [33632 65043] [33664 7929] [33664 57929] [33696 12641] [33696 62641] [33728 32987] [33728 82987] [33792
39123] [33792 89123] [33824 38649] [33824 88649] [33856 17761] [33856 67761] [33888 36267] [33888 86267] [33952 19603] [
33952 69603] [33984 14169] [33984 64169] [34016 8081] [34016 58081] [34048 13147] [34048 63147] [34112 16483] [34112 664
83] [34144 44489] [34144 94489] [34176 43601] [34176 93601] [34208 23627] [34208 73627] [34272 39763] [34272 89763] [343
04 39609] [34304 89609] [34336 34321] [34336 84321] [34368 27707] [34368 77707] [34432 49443] [34432 99443] [34464 9529]
 [34464 59529] [34496 40241] [34496 90241] [34528 35387] [34528 85387] [34592 5523] [34592 55523] [34624 14249] [34624 6
4249] [34656 21361] [34656 71361] [34688 6667] [34688 56667] [34752 18003] [34752 68003] [34784 13769] [34784 63769] [34
816 37681] [34816 87681] [34848 1547] [34848 51547] [34912 46883] [34912 96883] [34944 18089] [34944 68089] [34976 49201
] [34976 99201] [35008 30027] [35008 80027] [35072 2163] [35072 52163] [35104 37209] [35104 87209] [35136 15921] [35136
65921] [35168 2107] [35168 52107] [35232 43843] [35232 93843] [35264 31129] [35264 81129] [35296 47841] [35296 97841] [3
5328 27787] [35328 77787] [35392 31923] [35392 81923] [35424 9849] [35424 59849] [35456 4961] [35456 54961] [35488 17067
] [35488 67067] [35552 26403] [35552 76403] [35584 33369] [35584 83369] [35616 47281] [35616 97281] [35648 29947] [35648
 79947] [35712 37283] [35712 87283] [35744 11689] [35744 61689] [35776 34801] [35776 84801] [35808 26427] [35808 76427]
[35872 24563] [35872 74563] [35904 4809] [35904 54809] [35936 27521] [35936 77521] [35968 16507] [35968 66507] [36032 48
243] [36032 98243] [36064 22729] [36064 72729] [36096 35441] [36096 85441] [36128 10187] [36128 60187] [36192 18323] [36
192 68323] [36224 25449] [36224 75449] [36256 18561] [36256 68561] [36288 17467] [36288 67467] [36352 44803] [36352 9480
3] [36384 22969] [36384 72969] [36416 36881] [36416 86881] [36448 48347] [36448 98347] [36512 37683] [36512 87683] [3654
4 25289] [36544 75289] [36576 401] [36576 50401] [36608 12827] [36608 62827] [36672 6963] [36672 56963] [36704 42409] [3
6704 92409] [36736 19121] [36736 69121] [36768 20907] [36768 70907] [36832 12643] [36832 62643] [36864 34329] [36864 843
29] [36896 3041] [36896 53041] [36928 32587] [36928 82587] [36992 14723] [36992 64723] [37024 11049] [37024 61049] [3705
6 12161] [37056 62161] [37088 7867] [37088 57867] [37152 23203] [37152 73203] [37184 32569] [37184 82569] [37216 6481] [
37216 56481] [37248 6747] [37248 56747] [37312 48083] [37312 98083] [37344 8889] [37344 58889] [37376 46001] [37376 9600
1] [37408 39227] [37408 89227] [37472 49363] [37472 99363] [37504 9] [37504 50009] [37536 40721] [37536 90721] [37568 15
307] [37568 65307] [37632 37043] [37632 87043] [37664 15929] [37664 65929] [37696 641] [37696 50641] [37728 44987] [3772
8 94987] [37792 21123] [37792 71123] [37824 16649] [37824 66649] [37856 35761] [37856 85761] [37888 38267] [37888 88267]
 [37952 11603] [37952 61603] [37984 12169] [37984 62169] [38016 6081] [38016 56081] [38048 5147] [38048 55147] [38112 18
483] [38112 68483] [38144 12489] [38144 62489] [38176 21601] [38176 71601] [38208 5627] [38208 55627] [38272 1763] [3827
2 51763] [38304 27609] [38304 77609] [38336 42321] [38336 92321] [38368 49707] [38368 99707] [38432 21443] [38432 71443]
 [38464 17529] [38464 67529] [38496 28241] [38496 78241] [38528 47387] [38528 97387] [38592 37523] [38592 87523] [38624
42249] [38624 92249] [38656 39361] [38656 89361] [38688 8667] [38688 58667] [38752 10003] [38752 60003] [38784 11769] [3
8784 61769] [38816 35681] [38816 85681] [38848 43547] [38848 93547] [38912 48883] [38912 98883] [38944 36089] [38944 860
89] [38976 27201] [38976 77201] [39008 12027] [39008 62027] [39072 14163] [39072 64163] [39104 25209] [39104 75209] [391
36 23921] [39136 73921] [39168 24107] [39168 74107] [39232 15843] [39232 65843] [39264 39129] [39264 89129] [39296 35841
] [39296 85841] [39328 39787] [39328 89787] [39392 13923] [39392 63923] [39424 37849] [39424 87849] [39456 22961] [39456
 72961] [39488 19067] [39488 69067] [39552 18403] [39552 68403] [39584 31369] [39584 81369] [39616 45281] [39616 95281]
[39648 21947] [39648 71947] [39712 39283] [39712 89283] [39744 29689] [39744 79689] [39776 12801] [39776 62801] [39808 8
427] [39808 58427] [39872 36563] [39872 86563] [39904 42809] [39904 92809] [39936 35521] [39936 85521] [39968 38507] [39
968 88507] [40032 20243] [40032 70243] [40064 30729] [40064 80729] [40096 23441] [40096 73441] [40128 22187] [40128 7218
7] [40192 323] [40192 50323] [40224 3449] [40224 53449] [40256 36561] [40256 86561] [40288 19467] [40288 69467] [40352 3
6803] [40352 86803] [40384 20969] [40384 70969] [40416 34881] [40416 84881] [40448 40347] [40448 90347] [40512 39683] [4
0512 89683] [40544 43289] [40544 93289] [40576 28401] [40576 78401] [40608 44827] [40608 94827] [40672 18963] [40672 689
63] [40704 30409] [40704 80409] [40736 27121] [40736 77121] [40768 42907] [40768 92907] [40832 34643] [40832 84643] [408
64 42329] [40864 92329] [40896 41041] [40896 91041] [40928 44587] [40928 94587] [40992 46723] [40992 96723] [41024 39049
] [41024 89049] [41056 30161] [41056 80161] [41088 9867] [41088 59867] [41152 15203] [41152 65203] [41184 30569] [41184
80569] [41216 4481] [41216 54481] [41248 48747] [41248 98747] [41312 83] [41312 50083] [41344 26889] [41344 76889] [4137
6 24001] [41376 74001] [41408 21227] [41408 71227] [41472 11363] [41472 61363] [41504 38009] [41504 88009] [41536 48721]
 [41536 98721] [41568 37307] [41568 87307] [41632 9043] [41632 59043] [41664 23929] [41664 73929] [41696 38641] [41696 8
8641] [41728 6987] [41728 56987] [41792 3123] [41792 53123] [41824 44649] [41824 94649] [41856 3761] [41856 53761] [4188
8 40267] [41888 90267] [41952 3603] [41952 53603] [41984 10169] [41984 60169] [42016 4081] [42016 54081] [42048 47147] [
42048 97147] [42112 20483] [42112 70483] [42144 30489] [42144 80489] [42176 49601] [42176 99601] [42208 37627] [42208 87
627] [42272 13763] [42272 63763] [42304 15609] [42304 65609] [42336 321] [42336 50321] [42368 21707] [42368 71707] [4243
2 43443] [42432 93443] [42464 25529] [42464 75529] [42496 16241] [42496 66241] [42528 9387] [42528 59387] [42592 19523]
[42592 69523] [42624 20249] [42624 70249] [42656 7361] [42656 57361] [42688 10667] [42688 60667] [42752 2003] [42752 520
03] [42784 9769] [42784 59769] [42816 33681] [42816 83681] [42848 35547] [42848 85547] [42912 883] [42912 50883] [42944
4089] [42944 54089] [42976 5201] [42976 55201] [43008 44027] [43008 94027] [43072 26163] [43072 76163] [43104 13209] [43
104 63209] [43136 31921] [43136 81921] [43168 46107] [43168 96107] [43232 37843] [43232 87843] [43264 47129] [43264 9712
9] [43296 23841] [43296 73841] [43328 1787] [43328 51787] [43392 45923] [43392 95923] [43424 15849] [43424 65849] [43456
 40961] [43456 90961] [43488 21067] [43488 71067] [43552 10403] [43552 60403] [43584 29369] [43584 79369] [43616 43281]
[43616 93281] [43648 13947] [43648 63947] [43712 41283] [43712 91283] [43744 47689] [43744 97689] [43776 40801] [43776 9
0801] [43808 40427] [43808 90427] [43872 48563] [43872 98563] [43904 30809] [43904 80809] [43936 43521] [43936 93521] [4
3968 10507] [43968 60507] [44032 42243] [44032 92243] [44064 38729] [44064 88729] [44096 11441] [44096 61441] [44128 341
87] [44128 84187] [44192 32323] [44192 82323] [44224 31449] [44224 81449] [44256 4561] [44256 54561] [44288 21467] [4428
8 71467] [44352 28803] [44352 78803] [44384 18969] [44384 68969] [44416 32881] [44416 82881] [44448 32347] [44448 82347]
 [44512 41683] [44512 91683] [44544 11289] [44544 61289] [44576 6401] [44576 56401] [44608 26827] [44608 76827] [44672 3
0963] [44672 80963] [44704 18409] [44704 68409] [44736 35121] [44736 85121] [44768 14907] [44768 64907] [44832 6643] [44
832 56643] [44864 329] [44864 50329] [44896 29041] [44896 79041] [44928 6587] [44928 56587] [44992 28723] [44992 78723]
[45024 17049] [45024 67049] [45056 48161] [45056 98161] [45088 11867] [45088 61867] [45152 7203] [45152 57203] [45184 28
569] [45184 78569] [45216 2481] [45216 52481] [45248 40747] [45248 90747] [45312 2083] [45312 52083] [45344 44889] [4534
4 94889] [45376 2001] [45376 52001] [45408 3227] [45408 53227] [45472 23363] [45472 73363] [45504 26009] [45504 76009] [
45536 6721] [45536 56721] [45568 9307] [45568 59307] [45632 31043] [45632 81043] [45664 31929] [45664 81929] [45696 2664
1] [45696 76641] [45728 18987] [45728 68987] [45792 35123] [45792 85123] [45824 22649] [45824 72649] [45856 21761] [4585
6 71761] [45888 42267] [45888 92267] [45952 45603] [45952 95603] [45984 8169] [45984 58169] [46016 2081] [46016 52081] [
46048 39147] [46048 89147] [46112 22483] [46112 72483] [46144 48489] [46144 98489] [46176 27601] [46176 77601] [46208 19
627] [46208 69627] [46272 25763] [46272 75763] [46304 3609] [46304 53609] [46336 8321] [46336 58321] [46368 43707] [4636
8 93707] [46432 15443] [46432 65443] [46464 33529] [46464 83529] [46496 4241] [46496 54241] [46528 21387] [46528 71387]
[46592 1523] [46592 51523] [46624 48249] [46624 98249] [46656 25361] [46656 75361] [46688 12667] [46688 62667] [46752 44
003] [46752 94003] [46784 7769] [46784 57769] [46816 31681] [46816 81681] [46848 27547] [46848 77547] [46912 2883] [4691
2 52883] [46944 22089] [46944 72089] [46976 33201] [46976 83201] [47008 26027] [47008 76027] [47072 38163] [47072 88163]
 [47104 1209] [47104 51209] [47136 39921] [47136 89921] [47168 18107] [47168 68107] [47232 9843] [47232 59843] [47264 51
29] [47264 55129] [47296 11841] [47296 61841] [47328 13787] [47328 63787] [47392 27923] [47392 77923] [47424 43849] [474
24 93849] [47456 8961] [47456 58961] [47488 23067] [47488 73067] [47552 2403] [47552 52403] [47584 27369] [47584 77369]
[47616 41281] [47616 91281] [47648 5947] [47648 55947] [47712 43283] [47712 93283] [47744 15689] [47744 65689] [47776 18
801] [47776 68801] [47808 22427] [47808 72427] [47872 10563] [47872 60563] [47904 18809] [47904 68809] [47936 1521] [479
36 51521] [47968 32507] [47968 82507] [48032 14243] [48032 64243] [48064 46729] [48064 96729] [48096 49441] [48096 99441
] [48128 46187] [48128 96187] [48192 14323] [48192 64323] [48224 9449] [48224 59449] [48256 22561] [48256 72561] [48288
23467] [48288 73467] [48352 20803] [48352 70803] [48384 16969] [48384 66969] [48416 30881] [48416 80881] [48448 24347] [
48448 74347] [48512 43683] [48512 93683] [48544 29289] [48544 79289] [48576 34401] [48576 84401] [48608 8827] [48608 588
27] [48672 42963] [48672 92963] [48704 6409] [48704 56409] [48736 43121] [48736 93121] [48768 36907] [48768 86907] [4883
2 28643] [48832 78643] [48864 8329] [48864 58329] [48896 17041] [48896 67041] [48928 18587] [48928 68587] [48992 10723]
[48992 60723] [49024 45049] [49024 95049] [49056 16161] [49056 66161] [49088 13867] [49088 63867] [49152 49203] [49152 9
9203] [49184 26569] [49184 76569] [49216 481] [49216 50481] [49248 32747] [49248 82747] [49312 4083] [49312 54083] [4934
4 12889] [49344 62889] [49376 30001] [49376 80001] [49408 35227] [49408 85227] [49472 35363] [49472 85363] [49504 14009]
 [49504 64009] [49536 14721] [49536 64721] [49568 31307] [49568 81307] [49632 3043] [49632 53043] [49664 39929] [49664 8
9929] [49696 14641] [49696 64641] [49728 30987] [49728 80987] [49792 17123] [49792 67123] [49824 649] [49824 50649] [498
56 39761] [49856 89761] [49888 44267] [49888 94267] [49952 37603] [49952 87603] [49984 6169] [49984 56169] [50016 81] [5
0016 50081] [50048 31147] [50048 81147] [50112 24483] [50112 74483] [50144 16489] [50144 66489] [50176 5601] [50176 5560
1] [50208 1627] [50208 51627] [50272 37763] [50272 87763] [50304 41609] [50304 91609] [50336 16321] [50336 66321] [50368
 15707] [50368 65707] [50432 37443] [50432 87443] [50464 41529] [50464 91529] [50496 42241] [50496 92241] [50528 33387]
[50528 83387] [50592 33523] [50592 83523] [50624 26249] [50624 76249] [50656 43361] [50656 93361] [50688 14667] [50688 6
4667] [50752 36003] [50752 86003] [50784 5769] [50784 55769] [50816 29681] [50816 79681] [50848 19547] [50848 69547] [50
912 4883] [50912 54883] [50944 40089] [50944 90089] [50976 11201] [50976 61201] [51008 8027] [51008 58027] [51072 163] [
51072 50163] [51104 39209] [51104 89209] [51136 47921] [51136 97921] [51168 40107] [51168 90107] [51232 31843] [51232 81
843] [51264 13129] [51264 63129] [51296 49841] [51296 99841] [51328 25787] [51328 75787] [51392 9923] [51392 59923] [514
24 21849] [51424 71849] [51456 26961] [51456 76961] [51488 25067] [51488 75067] [51552 44403] [51552 94403] [51584 25369
] [51584 75369] [51616 39281] [51616 89281] [51648 47947] [51648 97947] [51712 45283] [51712 95283] [51744 33689] [51744
 83689] [51776 46801] [51776 96801] [51808 4427] [51808 54427] [51872 22563] [51872 72563] [51904 6809] [51904 56809] [5
1936 9521] [51936 59521] [51968 4507] [51968 54507] [52032 36243] [52032 86243] [52064 4729] [52064 54729] [52096 37441]
 [52096 87441] [52128 8187] [52128 58187] [52192 46323] [52192 96323] [52224 37449] [52224 87449] [52256 40561] [52256 9
0561] [52288 25467] [52288 75467] [52352 12803] [52352 62803] [52384 14969] [52384 64969] [52416 28881] [52416 78881] [5
2448 16347] [52448 66347] [52512 45683] [52512 95683] [52544 47289] [52544 97289] [52576 12401] [52576 62401] [52608 408
27] [52608 90827] [52672 4963] [52672 54963] [52704 44409] [52704 94409] [52736 1121] [52736 51121] [52768 8907] [52768
58907] [52832 643] [52832 50643] [52864 16329] [52864 66329] [52896 5041] [52896 55041] [52928 30587] [52928 80587] [529
92 42723] [52992 92723] [53024 23049] [53024 73049] [53056 34161] [53056 84161] [53088 15867] [53088 65867] [53152 41203
] [53152 91203] [53184 24569] [53184 74569] [53216 48481] [53216 98481] [53248 24747] [53248 74747] [53312 6083] [53312
56083] [53344 30889] [53344 80889] [53376 8001] [53376 58001] [53408 17227] [53408 67227] [53472 47363] [53472 97363] [5
3504 2009] [53504 52009] [53536 22721] [53536 72721] [53568 3307] [53568 53307] [53632 25043] [53632 75043] [53664 47929
] [53664 97929] [53696 2641] [53696 52641] [53728 42987] [53728 92987] [53792 49123] [53792 99123] [53824 28649] [53824
78649] [53856 7761] [53856 57761] [53888 46267] [53888 96267] [53952 29603] [53952 79603] [53984 4169] [53984 54169] [54
016 48081] [54016 98081] [54048 23147] [54048 73147] [54112 26483] [54112 76483] [54144 34489] [54144 84489] [54176 3360
1] [54176 83601] [54208 33627] [54208 83627] [54272 49763] [54272 99763] [54304 29609] [54304 79609] [54336 24321] [5433
6 74321] [54368 37707] [54368 87707] [54432 9443] [54432 59443] [54464 49529] [54464 99529] [54496 30241] [54496 80241]
[54528 45387] [54528 95387] [54592 15523] [54592 65523] [54624 4249] [54624 54249] [54656 11361] [54656 61361] [54688 16
667] [54688 66667] [54752 28003] [54752 78003] [54784 3769] [54784 53769] [54816 27681] [54816 77681] [54848 11547] [548
48 61547] [54912 6883] [54912 56883] [54944 8089] [54944 58089] [54976 39201] [54976 89201] [55008 40027] [55008 90027]
[55072 12163] [55072 62163] [55104 27209] [55104 77209] [55136 5921] [55136 55921] [55168 12107] [55168 62107] [55232 38
43] [55232 53843] [55264 21129] [55264 71129] [55296 37841] [55296 87841] [55328 37787] [55328 87787] [55392 41923] [553
92 91923] [55424 49849] [55424 99849] [55456 44961] [55456 94961] [55488 27067] [55488 77067] [55552 36403] [55552 86403
] [55584 23369] [55584 73369] [55616 37281] [55616 87281] [55648 39947] [55648 89947] [55712 47283] [55712 97283] [55744
 1689] [55744 51689] [55776 24801] [55776 74801] [55808 36427] [55808 86427] [55872 34563] [55872 84563] [55904 44809] [
55904 94809] [55936 17521] [55936 67521] [55968 26507] [55968 76507] [56032 8243] [56032 58243] [56064 12729] [56064 627
29] [56096 25441] [56096 75441] [56128 20187] [56128 70187] [56192 28323] [56192 78323] [56224 15449] [56224 65449] [562
56 8561] [56256 58561] [56288 27467] [56288 77467] [56352 4803] [56352 54803] [56384 12969] [56384 62969] [56416 26881]
[56416 76881] [56448 8347] [56448 58347] [56512 47683] [56512 97683] [56544 15289] [56544 65289] [56576 40401] [56576 90
401] [56608 22827] [56608 72827] [56672 16963] [56672 66963] [56704 32409] [56704 82409] [56736 9121] [56736 59121] [567
68 30907] [56768 80907] [56832 22643] [56832 72643] [56864 24329] [56864 74329] [56896 43041] [56896 93041] [56928 42587
] [56928 92587] [56992 24723] [56992 74723] [57024 1049] [57024 51049] [57056 2161] [57056 52161] [57088 17867] [57088 6
7867] [57152 33203] [57152 83203] [57184 22569] [57184 72569] [57216 46481] [57216 96481] [57248 16747] [57248 66747] [5
7312 8083] [57312 58083] [57344 48889] [57344 98889] [57376 36001] [57376 86001] [57408 49227] [57408 99227] [57472 9363
] [57472 59363] [57504 40009] [57504 90009] [57536 30721] [57536 80721] [57568 25307] [57568 75307] [57632 47043] [57632
 97043] [57664 5929] [57664 55929] [57696 40641] [57696 90641] [57728 4987] [57728 54987] [57792 31123] [57792 81123] [5
7824 6649] [57824 56649] [57856 25761] [57856 75761] [57888 48267] [57888 98267] [57952 21603] [57952 71603] [57984 2169
] [57984 52169] [58016 46081] [58016 96081] [58048 15147] [58048 65147] [58112 28483] [58112 78483] [58144 2489] [58144
52489] [58176 11601] [58176 61601] [58208 15627] [58208 65627] [58272 11763] [58272 61763] [58304 17609] [58304 67609] [
58336 32321] [58336 82321] [58368 9707] [58368 59707] [58432 31443] [58432 81443] [58464 7529] [58464 57529] [58496 1824
1] [58496 68241] [58528 7387] [58528 57387] [58592 47523] [58592 97523] [58624 32249] [58624 82249] [58656 29361] [58656
 79361] [58688 18667] [58688 68667] [58752 20003] [58752 70003] [58784 1769] [58784 51769] [58816 25681] [58816 75681] [
58848 3547] [58848 53547] [58912 8883] [58912 58883] [58944 26089] [58944 76089] [58976 17201] [58976 67201] [59008 2202
7] [59008 72027] [59072 24163] [59072 74163] [59104 15209] [59104 65209] [59136 13921] [59136 63921] [59168 34107] [5916
8 84107] [59232 25843] [59232 75843] [59264 29129] [59264 79129] [59296 25841] [59296 75841] [59328 49787] [59328 99787]
 [59392 23923] [59392 73923] [59424 27849] [59424 77849] [59456 12961] [59456 62961] [59488 29067] [59488 79067] [59552
28403] [59552 78403] [59584 21369] [59584 71369] [59616 35281] [59616 85281] [59648 31947] [59648 81947] [59712 49283] [
59712 99283] [59744 19689] [59744 69689] [59776 2801] [59776 52801] [59808 18427] [59808 68427] [59872 46563] [59872 965
63] [59904 32809] [59904 82809] [59936 25521] [59936 75521] [59968 48507] [59968 98507] [60032 30243] [60032 80243] [600
64 20729] [60064 70729] [60096 13441] [60096 63441] [60128 32187] [60128 82187] [60192 10323] [60192 60323] [60224 43449
] [60224 93449] [60256 26561] [60256 76561] [60288 29467] [60288 79467] [60352 46803] [60352 96803] [60384 10969] [60384
 60969] [60416 24881] [60416 74881] [60448 347] [60448 50347] [60512 49683] [60512 99683] [60544 33289] [60544 83289] [6
0576 18401] [60576 68401] [60608 4827] [60608 54827] [60672 28963] [60672 78963] [60704 20409] [60704 70409] [60736 1712
1] [60736 67121] [60768 2907] [60768 52907] [60832 44643] [60832 94643] [60864 32329] [60864 82329] [60896 31041] [60896
 81041] [60928 4587] [60928 54587] [60992 6723] [60992 56723] [61024 29049] [61024 79049] [61056 20161] [61056 70161] [6
1088 19867] [61088 69867] [61152 25203] [61152 75203] [61184 20569] [61184 70569] [61216 44481] [61216 94481] [61248 874
7] [61248 58747] [61312 10083] [61312 60083] [61344 16889] [61344 66889] [61376 14001] [61376 64001] [61408 31227] [6140
8 81227] [61472 21363] [61472 71363] [61504 28009] [61504 78009] [61536 38721] [61536 88721] [61568 47307] [61568 97307]
 [61632 19043] [61632 69043] [61664 13929] [61664 63929] [61696 28641] [61696 78641] [61728 16987] [61728 66987] [61792
13123] [61792 63123] [61824 34649] [61824 84649] [61856 43761] [61856 93761] [61888 267] [61888 50267] [61952 13603] [61
952 63603] [61984 169] [61984 50169] [62016 44081] [62016 94081] [62048 7147] [62048 57147] [62112 30483] [62112 80483]
[62144 20489] [62144 70489] [62176 39601] [62176 89601] [62208 47627] [62208 97627] [62272 23763] [62272 73763] [62304 5
609] [62304 55609] [62336 40321] [62336 90321] [62368 31707] [62368 81707] [62432 3443] [62432 53443] [62464 15529] [624
64 65529] [62496 6241] [62496 56241] [62528 19387] [62528 69387] [62592 29523] [62592 79523] [62624 10249] [62624 60249]
 [62656 47361] [62656 97361] [62688 20667] [62688 70667] [62752 12003] [62752 62003] [62784 49769] [62784 99769] [62816
23681] [62816 73681] [62848 45547] [62848 95547] [62912 10883] [62912 60883] [62944 44089] [62944 94089] [62976 45201] [
62976 95201] [63008 4027] [63008 54027] [63072 36163] [63072 86163] [63104 3209] [63104 53209] [63136 21921] [63136 7192
1] [63168 6107] [63168 56107] [63232 47843] [63232 97843] [63264 37129] [63264 87129] [63296 13841] [63296 63841] [63328
 11787] [63328 61787] [63392 5923] [63392 55923] [63424 5849] [63424 55849] [63456 30961] [63456 80961] [63488 31067] [6
3488 81067] [63552 20403] [63552 70403] [63584 19369] [63584 69369] [63616 33281] [63616 83281] [63648 23947] [63648 739
47] [63712 1283] [63712 51283] [63744 37689] [63744 87689] [63776 30801] [63776 80801] [63808 427] [63808 50427] [63872
8563] [63872 58563] [63904 20809] [63904 70809] [63936 33521] [63936 83521] [63968 20507] [63968 70507] [64032 2243] [64
032 52243] [64064 28729] [64064 78729] [64096 1441] [64096 51441] [64128 44187] [64128 94187] [64192 42323] [64192 92323
] [64224 21449] [64224 71449] [64256 44561] [64256 94561] [64288 31467] [64288 81467] [64352 38803] [64352 88803] [64384
 8969] [64384 58969] [64416 22881] [64416 72881] [64448 42347] [64448 92347] [64512 1683] [64512 51683] [64544 1289] [64
544 51289] [64576 46401] [64576 96401] [64608 36827] [64608 86827] [64672 40963] [64672 90963] [64704 8409] [64704 58409
] [64736 25121] [64736 75121] [64768 24907] [64768 74907] [64832 16643] [64832 66643] [64864 40329] [64864 90329] [64896
 19041] [64896 69041] [64928 16587] [64928 66587] [64992 38723] [64992 88723] [65024 7049] [65024 57049] [65056 38161] [
65056 88161] [65088 21867] [65088 71867] [65152 17203] [65152 67203] [65184 18569] [65184 68569] [65216 42481] [65216 92
481] [65248 747] [65248 50747] [65312 12083] [65312 62083] [65344 34889] [65344 84889] [65376 42001] [65376 92001] [6540
8 13227] [65408 63227] [65472 33363] [65472 83363] [65504 16009] [65504 66009] [65536 46721] [65536 96721] [65568 19307]
 [65568 69307] [65632 41043] [65632 91043] [65664 21929] [65664 71929] [65696 16641] [65696 66641] [65728 28987] [65728
78987] [65792 45123] [65792 95123] [65824 12649] [65824 62649] [65856 11761] [65856 61761] [65888 2267] [65888 52267] [6
5952 5603] [65952 55603] [65984 48169] [65984 98169] [66016 42081] [66016 92081] [66048 49147] [66048 99147] [66112 3248
3] [66112 82483] [66144 38489] [66144 88489] [66176 17601] [66176 67601] [66208 29627] [66208 79627] [66272 35763] [6627
2 85763] [66304 43609] [66304 93609] [66336 48321] [66336 98321] [66368 3707] [66368 53707] [66432 25443] [66432 75443]
[66464 23529] [66464 73529] [66496 44241] [66496 94241] [66528 31387] [66528 81387] [66592 11523] [66592 61523] [66624 3
8249] [66624 88249] [66656 15361] [66656 65361] [66688 22667] [66688 72667] [66752 4003] [66752 54003] [66784 47769] [66
784 97769] [66816 21681] [66816 71681] [66848 37547] [66848 87547] [66912 12883] [66912 62883] [66944 12089] [66944 6208
9] [66976 23201] [66976 73201] [67008 36027] [67008 86027] [67072 48163] [67072 98163] [67104 41209] [67104 91209] [6713
6 29921] [67136 79921] [67168 28107] [67168 78107] [67232 19843] [67232 69843] [67264 45129] [67264 95129] [67296 1841]
[67296 51841] [67328 23787] [67328 73787] [67392 37923] [67392 87923] [67424 33849] [67424 83849] [67456 48961] [67456 9
8961] [67488 33067] [67488 83067] [67552 12403] [67552 62403] [67584 17369] [67584 67369] [67616 31281] [67616 81281] [6
7648 15947] [67648 65947] [67712 3283] [67712 53283] [67744 5689] [67744 55689] [67776 8801] [67776 58801] [67808 32427]
 [67808 82427] [67872 20563] [67872 70563] [67904 8809] [67904 58809] [67936 41521] [67936 91521] [67968 42507] [67968 9
2507] [68032 24243] [68032 74243] [68064 36729] [68064 86729] [68096 39441] [68096 89441] [68128 6187] [68128 56187] [68
192 24323] [68192 74323] [68224 49449] [68224 99449] [68256 12561] [68256 62561] [68288 33467] [68288 83467] [68352 3080
3] [68352 80803] [68384 6969] [68384 56969] [68416 20881] [68416 70881] [68448 34347] [68448 84347] [68512 3683] [68512
53683] [68544 19289] [68544 69289] [68576 24401] [68576 74401] [68608 18827] [68608 68827] [68672 2963] [68672 52963] [6
8704 46409] [68704 96409] [68736 33121] [68736 83121] [68768 46907] [68768 96907] [68832 38643] [68832 88643] [68864 483
29] [68864 98329] [68896 7041] [68896 57041] [68928 28587] [68928 78587] [68992 20723] [68992 70723] [69024 35049] [6902
4 85049] [69056 6161] [69056 56161] [69088 23867] [69088 73867] [69152 9203] [69152 59203] [69184 16569] [69184 66569] [
69216 40481] [69216 90481] [69248 42747] [69248 92747] [69312 14083] [69312 64083] [69344 2889] [69344 52889] [69376 200
01] [69376 70001] [69408 45227] [69408 95227] [69472 45363] [69472 95363] [69504 4009] [69504 54009] [69536 4721] [69536
 54721] [69568 41307] [69568 91307] [69632 13043] [69632 63043] [69664 29929] [69664 79929] [69696 4641] [69696 54641] [
69728 40987] [69728 90987] [69792 27123] [69792 77123] [69824 40649] [69824 90649] [69856 29761] [69856 79761] [69888 42
67] [69888 54267] [69952 47603] [69952 97603] [69984 46169] [69984 96169] [70016 40081] [70016 90081] [70048 41147] [700
48 91147] [70112 34483] [70112 84483] [70144 6489] [70144 56489] [70176 45601] [70176 95601] [70208 11627] [70208 61627]
 [70272 47763] [70272 97763] [70304 31609] [70304 81609] [70336 6321] [70336 56321] [70368 25707] [70368 75707] [70432 4
7443] [70432 97443] [70464 31529] [70464 81529] [70496 32241] [70496 82241] [70528 43387] [70528 93387] [70592 43523] [7
0592 93523] [70624 16249] [70624 66249] [70656 33361] [70656 83361] [70688 24667] [70688 74667] [70752 46003] [70752 960
03] [70784 45769] [70784 95769] [70816 19681] [70816 69681] [70848 29547] [70848 79547] [70912 14883] [70912 64883] [709
44 30089] [70944 80089] [70976 1201] [70976 51201] [71008 18027] [71008 68027] [71072 10163] [71072 60163] [71104 29209]
 [71104 79209] [71136 37921] [71136 87921] [71168 107] [71168 50107] [71232 41843] [71232 91843] [71264 3129] [71264 531
29] [71296 39841] [71296 89841] [71328 35787] [71328 85787] [71392 19923] [71392 69923] [71424 11849] [71424 61849] [714
56 16961] [71456 66961] [71488 35067] [71488 85067] [71552 4403] [71552 54403] [71584 15369] [71584 65369] [71616 29281]
 [71616 79281] [71648 7947] [71648 57947] [71712 5283] [71712 55283] [71744 23689] [71744 73689] [71776 36801] [71776 86
801] [71808 14427] [71808 64427] [71872 32563] [71872 82563] [71904 46809] [71904 96809] [71936 49521] [71936 99521] [71
968 14507] [71968 64507] [72032 46243] [72032 96243] [72064 44729] [72064 94729] [72096 27441] [72096 77441] [72128 1818
7] [72128 68187] [72192 6323] [72192 56323] [72224 27449] [72224 77449] [72256 30561] [72256 80561] [72288 35467] [72288
 85467] [72352 22803] [72352 72803] [72384 4969] [72384 54969] [72416 18881] [72416 68881] [72448 26347] [72448 76347] [
72512 5683] [72512 55683] [72544 37289] [72544 87289] [72576 2401] [72576 52401] [72608 827] [72608 50827] [72672 14963]
 [72672 64963] [72704 34409] [72704 84409] [72736 41121] [72736 91121] [72768 18907] [72768 68907] [72832 10643] [72832
60643] [72864 6329] [72864 56329] [72896 45041] [72896 95041] [72928 40587] [72928 90587] [72992 2723] [72992 52723] [73
024 13049] [73024 63049] [73056 24161] [73056 74161] [73088 25867] [73088 75867] [73152 1203] [73152 51203] [73184 14569
] [73184 64569] [73216 38481] [73216 88481] [73248 34747] [73248 84747] [73312 16083] [73312 66083] [73344 20889] [73344
 70889] [73376 48001] [73376 98001] [73408 27227] [73408 77227] [73472 7363] [73472 57363] [73504 42009] [73504 92009] [
73536 12721] [73536 62721] [73568 13307] [73568 63307] [73632 35043] [73632 85043] [73664 37929] [73664 87929] [73696 42
641] [73696 92641] [73728 2987] [73728 52987] [73792 9123] [73792 59123] [73824 18649] [73824 68649] [73856 47761] [7385
6 97761] [73888 6267] [73888 56267] [73952 39603] [73952 89603] [73984 44169] [73984 94169] [74016 38081] [74016 88081]
[74048 33147] [74048 83147] [74112 36483] [74112 86483] [74144 24489] [74144 74489] [74176 23601] [74176 73601] [74208 4
3627] [74208 93627] [74272 9763] [74272 59763] [74304 19609] [74304 69609] [74336 14321] [74336 64321] [74368 47707] [74
368 97707] [74432 19443] [74432 69443] [74464 39529] [74464 89529] [74496 20241] [74496 70241] [74528 5387] [74528 55387
] [74592 25523] [74592 75523] [74624 44249] [74624 94249] [74656 1361] [74656 51361] [74688 26667] [74688 76667] [74752
38003] [74752 88003] [74784 43769] [74784 93769] [74816 17681] [74816 67681] [74848 21547] [74848 71547] [74912 16883] [
74912 66883] [74944 48089] [74944 98089] [74976 29201] [74976 79201] [75008 27] [75008 50027] [75072 22163] [75072 72163
] [75104 17209] [75104 67209] [75136 45921] [75136 95921] [75168 22107] [75168 72107] [75232 13843] [75232 63843] [75264
 11129] [75264 61129] [75296 27841] [75296 77841] [75328 47787] [75328 97787] [75392 1923] [75392 51923] [75424 39849] [
75424 89849] [75456 34961] [75456 84961] [75488 37067] [75488 87067] [75552 46403] [75552 96403] [75584 13369] [75584 63
369] [75616 27281] [75616 77281] [75648 49947] [75648 99947] [75712 7283] [75712 57283] [75744 41689] [75744 91689] [757
76 14801] [75776 64801] [75808 46427] [75808 96427] [75872 44563] [75872 94563] [75904 34809] [75904 84809] [75936 7521]
 [75936 57521] [75968 36507] [75968 86507] [76032 18243] [76032 68243] [76064 2729] [76064 52729] [76096 15441] [76096 6
5441] [76128 30187] [76128 80187] [76192 38323] [76192 88323] [76224 5449] [76224 55449] [76256 48561] [76256 98561] [76
288 37467] [76288 87467] [76352 14803] [76352 64803] [76384 2969] [76384 52969] [76416 16881] [76416 66881] [76448 18347
] [76448 68347] [76512 7683] [76512 57683] [76544 5289] [76544 55289] [76576 30401] [76576 80401] [76608 32827] [76608 8
2827] [76672 26963] [76672 76963] [76704 22409] [76704 72409] [76736 49121] [76736 99121] [76768 40907] [76768 90907] [7
6832 32643] [76832 82643] [76864 14329] [76864 64329] [76896 33041] [76896 83041] [76928 2587] [76928 52587] [76992 3472
3] [76992 84723] [77024 41049] [77024 91049] [77056 42161] [77056 92161] [77088 27867] [77088 77867] [77152 43203] [7715
2 93203] [77184 12569] [77184 62569] [77216 36481] [77216 86481] [77248 26747] [77248 76747] [77312 18083] [77312 68083]
 [77344 38889] [77344 88889] [77376 26001] [77376 76001] [77408 9227] [77408 59227] [77472 19363] [77472 69363] [77504 3
0009] [77504 80009] [77536 20721] [77536 70721] [77568 35307] [77568 85307] [77632 7043] [77632 57043] [77664 45929] [77
664 95929] [77696 30641] [77696 80641] [77728 14987] [77728 64987] [77792 41123] [77792 91123] [77824 46649] [77824 9664
9] [77856 15761] [77856 65761] [77888 8267] [77888 58267] [77952 31603] [77952 81603] [77984 42169] [77984 92169] [78016
 36081] [78016 86081] [78048 25147] [78048 75147] [78112 38483] [78112 88483] [78144 42489] [78144 92489] [78176 1601] [
78176 51601] [78208 25627] [78208 75627] [78272 21763] [78272 71763] [78304 7609] [78304 57609] [78336 22321] [78336 723
21] [78368 19707] [78368 69707] [78432 41443] [78432 91443] [78464 47529] [78464 97529] [78496 8241] [78496 58241] [7852
8 17387] [78528 67387] [78592 7523] [78592 57523] [78624 22249] [78624 72249] [78656 19361] [78656 69361] [78688 28667]
[78688 78667] [78752 30003] [78752 80003] [78784 41769] [78784 91769] [78816 15681] [78816 65681] [78848 13547] [78848 6
3547] [78912 18883] [78912 68883] [78944 16089] [78944 66089] [78976 7201] [78976 57201] [79008 32027] [79008 82027] [79
072 34163] [79072 84163] [79104 5209] [79104 55209] [79136 3921] [79136 53921] [79168 44107] [79168 94107] [79232 35843]
 [79232 85843] [79264 19129] [79264 69129] [79296 15841] [79296 65841] [79328 9787] [79328 59787] [79392 33923] [79392 8
3923] [79424 17849] [79424 67849] [79456 2961] [79456 52961] [79488 39067] [79488 89067] [79552 38403] [79552 88403] [79
584 11369] [79584 61369] [79616 25281] [79616 75281] [79648 41947] [79648 91947] [79712 9283] [79712 59283] [79744 9689]
 [79744 59689] [79776 42801] [79776 92801] [79808 28427] [79808 78427] [79872 6563] [79872 56563] [79904 22809] [79904 7
2809] [79936 15521] [79936 65521] [79968 8507] [79968 58507] [80032 40243] [80032 90243] [80064 10729] [80064 60729] [80
096 3441] [80096 53441] [80128 42187] [80128 92187] [80192 20323] [80192 70323] [80224 33449] [80224 83449] [80256 16561
] [80256 66561] [80288 39467] [80288 89467] [80352 6803] [80352 56803] [80384 969] [80384 50969] [80416 14881] [80416 64
881] [80448 10347] [80448 60347] [80512 9683] [80512 59683] [80544 23289] [80544 73289] [80576 8401] [80576 58401] [8060
8 14827] [80608 64827] [80672 38963] [80672 88963] [80704 10409] [80704 60409] [80736 7121] [80736 57121] [80768 12907]
[80768 62907] [80832 4643] [80832 54643] [80864 22329] [80864 72329] [80896 21041] [80896 71041] [80928 14587] [80928 64
587] [80992 16723] [80992 66723] [81024 19049] [81024 69049] [81056 10161] [81056 60161] [81088 29867] [81088 79867] [81
152 35203] [81152 85203] [81184 10569] [81184 60569] [81216 34481] [81216 84481] [81248 18747] [81248 68747] [81312 2008
3] [81312 70083] [81344 6889] [81344 56889] [81376 4001] [81376 54001] [81408 41227] [81408 91227] [81472 31363] [81472
81363] [81504 18009] [81504 68009] [81536 28721] [81536 78721] [81568 7307] [81568 57307] [81632 29043] [81632 79043] [8
1664 3929] [81664 53929] [81696 18641] [81696 68641] [81728 26987] [81728 76987] [81792 23123] [81792 73123] [81824 2464
9] [81824 74649] [81856 33761] [81856 83761] [81888 10267] [81888 60267] [81952 23603] [81952 73603] [81984 40169] [8198
4 90169] [82016 34081] [82016 84081] [82048 17147] [82048 67147] [82112 40483] [82112 90483] [82144 10489] [82144 60489]
 [82176 29601] [82176 79601] [82208 7627] [82208 57627] [82272 33763] [82272 83763] [82304 45609] [82304 95609] [82336 3
0321] [82336 80321] [82368 41707] [82368 91707] [82432 13443] [82432 63443] [82464 5529] [82464 55529] [82496 46241] [82
496 96241] [82528 29387] [82528 79387] [82592 39523] [82592 89523] [82624 249] [82624 50249] [82656 37361] [82656 87361]
 [82688 30667] [82688 80667] [82752 22003] [82752 72003] [82784 39769] [82784 89769] [82816 13681] [82816 63681] [82848
5547] [82848 55547] [82912 20883] [82912 70883] [82944 34089] [82944 84089] [82976 35201] [82976 85201] [83008 14027] [8
3008 64027] [83072 46163] [83072 96163] [83104 43209] [83104 93209] [83136 11921] [83136 61921] [83168 16107] [83168 661
07] [83232 7843] [83232 57843] [83264 27129] [83264 77129] [83296 3841] [83296 53841] [83328 21787] [83328 71787] [83392
 15923] [83392 65923] [83424 45849] [83424 95849] [83456 20961] [83456 70961] [83488 41067] [83488 91067] [83552 30403]
[83552 80403] [83584 9369] [83584 59369] [83616 23281] [83616 73281] [83648 33947] [83648 83947] [83712 11283] [83712 61
283] [83744 27689] [83744 77689] [83776 20801] [83776 70801] [83808 10427] [83808 60427] [83872 18563] [83872 68563] [83
904 10809] [83904 60809] [83936 23521] [83936 73521] [83968 30507] [83968 80507] [84032 12243] [84032 62243] [84064 1872
9] [84064 68729] [84096 41441] [84096 91441] [84128 4187] [84128 54187] [84192 2323] [84192 52323] [84224 11449] [84224
61449] [84256 34561] [84256 84561] [84288 41467] [84288 91467] [84352 48803] [84352 98803] [84384 48969] [84384 98969] [
84416 12881] [84416 62881] [84448 2347] [84448 52347] [84512 11683] [84512 61683] [84544 41289] [84544 91289] [84576 364
01] [84576 86401] [84608 46827] [84608 96827] [84672 963] [84672 50963] [84704 48409] [84704 98409] [84736 15121] [84736
 65121] [84768 34907] [84768 84907] [84832 26643] [84832 76643] [84864 30329] [84864 80329] [84896 9041] [84896 59041] [
84928 26587] [84928 76587] [84992 48723] [84992 98723] [85024 47049] [85024 97049] [85056 28161] [85056 78161] [85088 31
867] [85088 81867] [85152 27203] [85152 77203] [85184 8569] [85184 58569] [85216 32481] [85216 82481] [85248 10747] [852
48 60747] [85312 22083] [85312 72083] [85344 24889] [85344 74889] [85376 32001] [85376 82001] [85408 23227] [85408 73227
] [85472 43363] [85472 93363] [85504 6009] [85504 56009] [85536 36721] [85536 86721] [85568 29307] [85568 79307] [85632
1043] [85632 51043] [85664 11929] [85664 61929] [85696 6641] [85696 56641] [85728 38987] [85728 88987] [85792 5123] [857
92 55123] [85824 2649] [85824 52649] [85856 1761] [85856 51761] [85888 12267] [85888 62267] [85952 15603] [85952 65603]
[85984 38169] [85984 88169] [86016 32081] [86016 82081] [86048 9147] [86048 59147] [86112 42483] [86112 92483] [86144 28
489] [86144 78489] [86176 7601] [86176 57601] [86208 39627] [86208 89627] [86272 45763] [86272 95763] [86304 33609] [863
04 83609] [86336 38321] [86336 88321] [86368 13707] [86368 63707] [86432 35443] [86432 85443] [86464 13529] [86464 63529
] [86496 34241] [86496 84241] [86528 41387] [86528 91387] [86592 21523] [86592 71523] [86624 28249] [86624 78249] [86656
 5361] [86656 55361] [86688 32667] [86688 82667] [86752 14003] [86752 64003] [86784 37769] [86784 87769] [86816 11681] [
86816 61681] [86848 47547] [86848 97547] [86912 22883] [86912 72883] [86944 2089] [86944 52089] [86976 13201] [86976 632
01] [87008 46027] [87008 96027] [87072 8163] [87072 58163] [87104 31209] [87104 81209] [87136 19921] [87136 69921] [8716
8 38107] [87168 88107] [87232 29843] [87232 79843] [87264 35129] [87264 85129] [87296 41841] [87296 91841] [87328 33787]
 [87328 83787] [87392 47923] [87392 97923] [87424 23849] [87424 73849] [87456 38961] [87456 88961] [87488 43067] [87488
93067] [87552 22403] [87552 72403] [87584 7369] [87584 57369] [87616 21281] [87616 71281] [87648 25947] [87648 75947] [8
7712 13283] [87712 63283] [87744 45689] [87744 95689] [87776 48801] [87776 98801] [87808 42427] [87808 92427] [87872 305
63] [87872 80563] [87904 48809] [87904 98809] [87936 31521] [87936 81521] [87968 2507] [87968 52507] [88032 34243] [8803
2 84243] [88064 26729] [88064 76729] [88096 29441] [88096 79441] [88128 16187] [88128 66187] [88192 34323] [88192 84323]
 [88224 39449] [88224 89449] [88256 2561] [88256 52561] [88288 43467] [88288 93467] [88352 40803] [88352 90803] [88384 4
6969] [88384 96969] [88416 10881] [88416 60881] [88448 44347] [88448 94347] [88512 13683] [88512 63683] [88544 9289] [88
544 59289] [88576 14401] [88576 64401] [88608 28827] [88608 78827] [88672 12963] [88672 62963] [88704 36409] [88704 8640
9] [88736 23121] [88736 73121] [88768 6907] [88768 56907] [88832 48643] [88832 98643] [88864 38329] [88864 88329] [88896
 47041] [88896 97041] [88928 38587] [88928 88587] [88992 30723] [88992 80723] [89024 25049] [89024 75049] [89056 46161]
[89056 96161] [89088 33867] [89088 83867] [89152 19203] [89152 69203] [89184 6569] [89184 56569] [89216 30481] [89216 80
481] [89248 2747] [89248 52747] [89312 24083] [89312 74083] [89344 42889] [89344 92889] [89376 10001] [89376 60001] [894
08 5227] [89408 55227] [89472 5363] [89472 55363] [89504 44009] [89504 94009] [89536 44721] [89536 94721] [89568 1307] [
89568 51307] [89632 23043] [89632 73043] [89664 19929] [89664 69929] [89696 44641] [89696 94641] [89728 987] [89728 5098
7] [89792 37123] [89792 87123] [89824 30649] [89824 80649] [89856 19761] [89856 69761] [89888 14267] [89888 64267] [8995
2 7603] [89952 57603] [89984 36169] [89984 86169] [90016 30081] [90016 80081] [90048 1147] [90048 51147] [90112 44483] [
90112 94483] [90144 46489] [90144 96489] [90176 35601] [90176 85601] [90208 21627] [90208 71627] [90272 7763] [90272 577
63] [90304 21609] [90304 71609] [90336 46321] [90336 96321] [90368 35707] [90368 85707] [90432 7443] [90432 57443] [9046
4 21529] [90464 71529] [90496 22241] [90496 72241] [90528 3387] [90528 53387] [90592 3523] [90592 53523] [90624 6249] [9
0624 56249] [90656 23361] [90656 73361] [90688 34667] [90688 84667] [90752 6003] [90752 56003] [90784 35769] [90784 8576
9] [90816 9681] [90816 59681] [90848 39547] [90848 89547] [90912 24883] [90912 74883] [90944 20089] [90944 70089] [90976
 41201] [90976 91201] [91008 28027] [91008 78027] [91072 20163] [91072 70163] [91104 19209] [91104 69209] [91136 27921]
[91136 77921] [91168 10107] [91168 60107] [91232 1843] [91232 51843] [91264 43129] [91264 93129] [91296 29841] [91296 79
841] [91328 45787] [91328 95787] [91392 29923] [91392 79923] [91424 1849] [91424 51849] [91456 6961] [91456 56961] [9148
8 45067] [91488 95067] [91552 14403] [91552 64403] [91584 5369] [91584 55369] [91616 19281] [91616 69281] [91648 17947]
[91648 67947] [91712 15283] [91712 65283] [91744 13689] [91744 63689] [91776 26801] [91776 76801] [91808 24427] [91808 7
4427] [91872 42563] [91872 92563] [91904 36809] [91904 86809] [91936 39521] [91936 89521] [91968 24507] [91968 74507] [9
2032 6243] [92032 56243] [92064 34729] [92064 84729] [92096 17441] [92096 67441] [92128 28187] [92128 78187] [92192 1632
3] [92192 66323] [92224 17449] [92224 67449] [92256 20561] [92256 70561] [92288 45467] [92288 95467] [92352 32803] [9235
2 82803] [92384 44969] [92384 94969] [92416 8881] [92416 58881] [92448 36347] [92448 86347] [92512 15683] [92512 65683]
[92544 27289] [92544 77289] [92576 42401] [92576 92401] [92608 10827] [92608 60827] [92672 24963] [92672 74963] [92704 2
4409] [92704 74409] [92736 31121] [92736 81121] [92768 28907] [92768 78907] [92832 20643] [92832 70643] [92864 46329] [9
2864 96329] [92896 35041] [92896 85041] [92928 587] [92928 50587] [92992 12723] [92992 62723] [93024 3049] [93024 53049]
 [93056 14161] [93056 64161] [93088 35867] [93088 85867] [93152 11203] [93152 61203] [93184 4569] [93184 54569] [93216 2
8481] [93216 78481] [93248 44747] [93248 94747] [93312 26083] [93312 76083] [93344 10889] [93344 60889] [93376 38001] [9
3376 88001] [93408 37227] [93408 87227] [93472 17363] [93472 67363] [93504 32009] [93504 82009] [93536 2721] [93536 5272
1] [93568 23307] [93568 73307] [93632 45043] [93632 95043] [93664 27929] [93664 77929] [93696 32641] [93696 82641] [9372
8 12987] [93728 62987] [93792 19123] [93792 69123] [93824 8649] [93824 58649] [93856 37761] [93856 87761] [93888 16267]
[93888 66267] [93952 49603] [93952 99603] [93984 34169] [93984 84169] [94016 28081] [94016 78081] [94048 43147] [94048 9
3147] [94112 46483] [94112 96483] [94144 14489] [94144 64489] [94176 13601] [94176 63601] [94208 3627] [94208 53627] [94
272 19763] [94272 69763] [94304 9609] [94304 59609] [94336 4321] [94336 54321] [94368 7707] [94368 57707] [94432 29443]
[94432 79443] [94464 29529] [94464 79529] [94496 10241] [94496 60241] [94528 15387] [94528 65387] [94592 35523] [94592 8
5523] [94624 34249] [94624 84249] [94656 41361] [94656 91361] [94688 36667] [94688 86667] [94752 48003] [94752 98003] [9
4784 33769] [94784 83769] [94816 7681] [94816 57681] [94848 31547] [94848 81547] [94912 26883] [94912 76883] [94944 3808
9] [94944 88089] [94976 19201] [94976 69201] [95008 10027] [95008 60027] [95072 32163] [95072 82163] [95104 7209] [95104
 57209] [95136 35921] [95136 85921] [95168 32107] [95168 82107] [95232 23843] [95232 73843] [95264 1129] [95264 51129] [
95296 17841] [95296 67841] [95328 7787] [95328 57787] [95392 11923] [95392 61923] [95424 29849] [95424 79849] [95456 249
61] [95456 74961] [95488 47067] [95488 97067] [95552 6403] [95552 56403] [95584 3369] [95584 53369] [95616 17281] [95616
 67281] [95648 9947] [95648 59947] [95712 17283] [95712 67283] [95744 31689] [95744 81689] [95776 4801] [95776 54801] [9
5808 6427] [95808 56427] [95872 4563] [95872 54563] [95904 24809] [95904 74809] [95936 47521] [95936 97521] [95968 46507
] [95968 96507] [96032 28243] [96032 78243] [96064 42729] [96064 92729] [96096 5441] [96096 55441] [96128 40187] [96128
90187] [96192 48323] [96192 98323] [96224 45449] [96224 95449] [96256 38561] [96256 88561] [96288 47467] [96288 97467] [
96352 24803] [96352 74803] [96384 42969] [96384 92969] [96416 6881] [96416 56881] [96448 28347] [96448 78347] [96512 176
83] [96512 67683] [96544 45289] [96544 95289] [96576 20401] [96576 70401] [96608 42827] [96608 92827] [96672 36963] [966
72 86963] [96704 12409] [96704 62409] [96736 39121] [96736 89121] [96768 907] [96768 50907] [96832 42643] [96832 92643]
[96864 4329] [96864 54329] [96896 23041] [96896 73041] [96928 12587] [96928 62587] [96992 44723] [96992 94723] [97024 31
049] [97024 81049] [97056 32161] [97056 82161] [97088 37867] [97088 87867] [97152 3203] [97152 53203] [97184 2569] [9718
4 52569] [97216 26481] [97216 76481] [97248 36747] [97248 86747] [97312 28083] [97312 78083] [97344 28889] [97344 78889]
 [97376 16001] [97376 66001] [97408 19227] [97408 69227] [97472 29363] [97472 79363] [97504 20009] [97504 70009] [97536
10721] [97536 60721] [97568 45307] [97568 95307] [97632 17043] [97632 67043] [97664 35929] [97664 85929] [97696 20641] [
97696 70641] [97728 24987] [97728 74987] [97792 1123] [97792 51123] [97824 36649] [97824 86649] [97856 5761] [97856 5576
1] [97888 18267] [97888 68267] [97952 41603] [97952 91603] [97984 32169] [97984 82169] [98016 26081] [98016 76081] [9804
8 35147] [98048 85147] [98112 48483] [98112 98483] [98144 32489] [98144 82489] [98176 41601] [98176 91601] [98208 35627]
 [98208 85627] [98272 31763] [98272 81763] [98304 47609] [98304 97609] [98336 12321] [98336 62321] [98368 29707] [98368
79707] [98432 1443] [98432 51443] [98464 37529] [98464 87529] [98496 48241] [98496 98241] [98528 27387] [98528 77387] [9
8592 17523] [98592 67523] [98624 12249] [98624 62249] [98656 9361] [98656 59361] [98688 38667] [98688 88667] [98752 4000
3] [98752 90003] [98784 31769] [98784 81769] [98816 5681] [98816 55681] [98848 23547] [98848 73547] [98912 28883] [98912
 78883] [98944 6089] [98944 56089] [98976 47201] [98976 97201] [99008 42027] [99008 92027] [99072 44163] [99072 94163] [
99104 45209] [99104 95209] [99136 43921] [99136 93921] [99168 4107] [99168 54107] [99232 45843] [99232 95843] [99264 912
9] [99264 59129] [99296 5841] [99296 55841] [99328 19787] [99328 69787] [99392 43923] [99392 93923] [99424 7849] [99424
57849] [99456 42961] [99456 92961] [99488 49067] [99488 99067] [99552 48403] [99552 98403] [99584 1369] [99584 51369] [9
9616 15281] [99616 65281] [99648 1947] [99648 51947] [99712 19283] [99712 69283] [99744 49689] [99744 99689] [99776 3280
1] [99776 82801] [99808 38427] [99808 88427] [99872 16563] [99872 66563] [99904 12809] [99904 62809] [99936 5521] [99936
 55521] [99968 18507] [99968 68507])
user=>    (map (partial generate-station n)
(range 0 (inc (* 2 n))))))
CompilerException java.lang.RuntimeException: Unable to resolve symbol: n in this context, compiling:(NO_SOURCE_PATH:36:
9)
RuntimeException Unmatched delimiter: )  clojure.lang.Util.runtimeException (Util.java:219)
RuntimeException Unmatched delimiter: )  clojure.lang.Util.runtimeException (Util.java:219)
user=>    (map (partial generate-station 22) (range 0 (inc (* 2 22))))))
([1 1] [2 3] [4 9] [8 5] [16 15] [10 1] [20 3] [18 9] [14 5] [6 15] [12 1] [2 3] [4 9] [8 5] [16 15] [10 1] [20 3] [18 9
] [14 5] [6 15] [12 1] [2 3] [4 9] [8 5] [16 15] [10 1] [20 3] [18 9] [14 5] [6 15] [12 1] [2 3] [4 9] [8 5] [16 15] [10
 1] [20 3] [18 9] [14 5] [6 15] [12 1] [2 3] [4 9] [8 5] [16 15])
RuntimeException Unmatched delimiter: )  clojure.lang.Util.runtimeException (Util.java:219)
RuntimeException Unmatched delimiter: )  clojure.lang.Util.runtimeException (Util.java:219)
user=>    (map (partial generate-station 22) (range 0 (inc (* 2 22))))
([1 1] [2 3] [4 9] [8 5] [16 15] [10 1] [20 3] [18 9] [14 5] [6 15] [12 1] [2 3] [4 9] [8 5] [16 15] [10 1] [20 3] [18 9
] [14 5] [6 15] [12 1] [2 3] [4 9] [8 5] [16 15] [10 1] [20 3] [18 9] [14 5] [6 15] [12 1] [2 3] [4 9] [8 5] [16 15] [10
 1] [20 3] [18 9] [14 5] [6 15] [12 1] [2 3] [4 9] [8 5] [16 15])
user=> (defn gs22   (map (partial generate-station 22) (range 0 (inc (* 2 22)))))
IllegalArgumentException Parameter declaration map should be a vector  clojure.core/assert-valid-fdecl (core.clj:6704)
user=> (defn gs22 []  (map (partial generate-station 22) (range 0 (inc (* 2 22)))))
#'user/gs22
user=> (gs22)
([1 1] [2 3] [4 9] [8 5] [16 15] [10 1] [20 3] [18 9] [14 5] [6 15] [12 1] [2 3] [4 9] [8 5] [16 15] [10 1] [20 3] [18 9
] [14 5] [6 15] [12 1] [2 3] [4 9] [8 5] [16 15] [10 1] [20 3] [18 9] [14 5] [6 15] [12 1] [2 3] [4 9] [8 5] [16 15] [10
 1] [20 3] [18 9] [14 5] [6 15] [12 1] [2 3] [4 9] [8 5] [16 15])
user=> (frequencies gs22)
IllegalArgumentException Don't know how to create ISeq from: user$gs22  clojure.lang.RT.seqFrom (RT.java:496)
user=>